[david-harrison.framer.website/index.html]
[backblue.gif]
[fade.gif]
[index.html]
[framerusercontent.com/images/aImhIAnlFkDrtikTJgdKHdqy6dM.png]
[framerusercontent.com/assets/f4sC0bRwLRCBAPfiMGSBYOqCvYw.jpg]
[framerusercontent.com/images/Ae2tjOL3VGlqjJRRHkUCi0OE.png]
[david-harrison.framer.website/about.html]
[david-harrison.framer.website/portfolio.html]
[david-harrison.framer.website/services.html]
[david-harrison.framer.website/contact.html]
[framerusercontent.com/images/ixy9yMJqk6RPPwXy0Uz4WYSdE.png]
[david-harrison.framer.website/index.html]
[framerusercontent.com/images/rR6HYXBrMmX4cRpXfXUOvpvpB0.png]
[framerusercontent.com/assets/NDi1pYPcWfmpfWxHNxcYynj3PU.jpg]
[framerusercontent.com/images/80lun4W6Nudyd1z4ANNywsZL0w.png]
[david-harrison.framer.website/about.html]
[framerusercontent.com/assets/5D4MO618qSri9X5uKr7sia4eMeM.jpg]
[david-harrison.framer.website/portfolio/rick-brown.html]
[framerusercontent.com/images/zCfU8MqlmQBlAggSFr5HGBfLjlE.jpg]
[david-harrison.framer.website/portfolio/it-conf.html]
[framerusercontent.com/images/69I4IzG8ZbrY0rrWUmU94YQA04.png]
[david-harrison.framer.website/portfolio/adzen.html]
[framerusercontent.com/images/CTZ96ycxEL0mCnO7gUnrhMm8VI.jpg]
[david-harrison.framer.website/portfolio/andrew-williams.html]
[framerusercontent.com/images/25fJyMl078lsGq6EQDwr3BE4GV4.png]
[david-harrison.framer.website/portfolio/squash.html]
[framerusercontent.com/images/7f6gFu7sotGms3ESO56nCWoT68.png]
[david-harrison.framer.website/portfolio/cipherly.html]
[framerusercontent.com/images/um54I8o0DXenkHyRguvhPgl5D8.png]
[david-harrison.framer.website/portfolio.html]
[framerusercontent.com/assets/isFDxYl8B59M0lOjOThS33exWJY.jpg]
[framerusercontent.com/images/GUXbV7xuCpJHowS3SA60NY7sGY.png]
[framerusercontent.com/images/Ev0iAXjbk44CwzqfQLG5y0Sw.png]
[framerusercontent.com/images/7vlahcM0z5vkFra6iinTVGV7iv8.png]
[david-harrison.framer.website/services.html]
[framerusercontent.com/assets/SjjcjHCL04pQiqB3x2l6GP34vQ.jpg]
[framerusercontent.com/images/MxaWOtge8Rp74GF0RQV0jPO4dRA.png]
[framerusercontent.com/images/MsPafHmey2L7r57yGPrV2Osec.png]
[framerusercontent.com/images/bqTPHg6ROCF0ezVtYvBlXZVAgHo.png]
[david-harrison.framer.website/contact.html]
[framerusercontent.com/images/cEXsUg4cue54pcYVlxezU9fU.jpg]
[framerusercontent.com/images/uL6Y3Abi1Woovp7pvpwCVATyBPg.jpg]
[framerusercontent.com/images/WVectVeYlqgOhXIxz7FZxjDhf0.jpg]
[david-harrison.framer.website/portfolio/rick-brown.html]
[framerusercontent.com/images/RV9hI4ZMUs9uObKUTq6cC75VM.png]
[framerusercontent.com/images/5301r8dryOQoBpe9WLJl8T5wtFU.jpg]
[framerusercontent.com/images/mEyKZjRfreFCRTSeu8e37ySeSQ.jpg]
[david-harrison.framer.website/portfolio/it-conf.html]
[framerusercontent.com/images/xzoqV5F1KkcBzYyJok4o7NKzH7k.png]
[framerusercontent.com/images/dSiGGr3MDxU0ogBAPTL13KCFOho.png]
[framerusercontent.com/images/6Tuex8eGUX2sNhloSYkDmhSouOQ.png]
[david-harrison.framer.website/portfolio/adzen.html]
[framerusercontent.com/images/IMZfelN19sbpTHhMVfuFGWa6U.png]
[framerusercontent.com/images/56MVcjD4stNby91XhtNPetx7wB4.png]
[framerusercontent.com/images/vMYJXxC0dg0uRNgTtUXwvAoMsE.jpg]
[david-harrison.framer.website/portfolio/andrew-williams.html]
[framerusercontent.com/images/l4QJk5eX5KjxCn8RdVNeEOPSO9k.png]
[framerusercontent.com/images/T1OeyQk2gnFXO2ep7zmpImPs7hw.png]
[framerusercontent.com/images/YCCNqKbAvlxaQr5WdCl39SYtmzI.png]
[david-harrison.framer.website/portfolio/squash.html]
[framerusercontent.com/images/U2JbTxUs3i04FyiRNtOpOthmNE.png]
[framerusercontent.com/images/9WnafPKJqu2W7bvB90Oj3gBmY.png]
[framerusercontent.com/images/Qy5Hnl8bWQmMnQ2L7GYbSP90Nc.png]
[david-harrison.framer.website/portfolio/cipherly.html]
